[wish-create.com/de/index.html]
[backblue.gif]
[fade.gif]
[index.html]
[wish-create.com/de/img/msg.png]
[cdnjs.cloudflare.com/ajax/libs/animate.css/3.5.2/animate.min.css]
[wish-create.com/de/images/.gif]
[wish-create.com/de/img/sname.gif]
[ajax.googleapis.com/ajax/libs/jquery/3.5.1/jquery.min.js]
[wish-create.com/de/slide.js]
[wish-create.com/de/img/prchr.png]
[wish-create.com/de/img/arrow1.gif]
[wish-create.com/de/img/touch.png]
[wish-create.com/de/img/mt1.png]
[wish-create.com/de/img/mt2.png]
[wish-create.com/de/img/mt3.png]
[wish-create.com/de/img/mt4.png]
[wish-create.com/de/img/mt5.png]
[wish-create.com/de/img/mt6.png]
[wish-create.com/de/img/mt7.png]
[wish-create.com/de/img/mt8.png]
[securepubads.g.doubleclick.net/tag/js/f.txt]
[wish-create.com/de/img/wishing1.png]
[wish-create.com/de/img/christmas_main_4.png]
[wish-create.com/de/img/chsl.png]
[wish-create.com/de/img/chsl1.png]
[wish-create.com/de/img/ch_sl3.png]
[wish-create.com/de/img/Jingle-Bells.mp3]
[wish-create.com/de/index.html]
[cdnjs.cloudflare.com/ajax/libs/animate.css/3.5.2/animate.min.css]
[wish-create.com/de/images/.html]
[wish-create.com/de/slide.js]
